<INTERCHANGE>
    <S_UNB>
        <C_S001>
            <D_0001>UNOB</D_0001>
            <D_0002>2</D_0002>
        </C_S001>
        <C_S002>
            <D_0004>4306218000013</D_0004>
            <D_0007>14</D_0007>
        </C_S002>
        <C_S003>
            <D_0010>4399902101752</D_0010>
            <D_0007>14</D_0007>
        </C_S003>
        <G_SG28>
            <S_PRI>
                <C_C509>
                    <D_5125>AAA</D_5125>
                    <D_5118>21.3300</D_5118>
                    <D_5375/>
                    <D_5387/>
                    <D_5284>1</D_5284>
                    <D_6411>PCE</D_6411>
                </C_C509>
            </S_PRI>
        </G_SG28>
        <G_SG33>
            <S_TAX>
                <D_5283>7</D_5283>
                <C_C241>
                    <D_5153>VAT</D_5153>
                </C_C241>
                <C_C533/>
                <D_5286/>
                <C_C243>
                    <D_5279/>
                    <D_1131/>
                    <D_3055/>
                    <D_5278>7.0</D_5278>
                </C_C243>
                <D_5305>S</D_5305>
            </S_TAX>
        </G_SG33>
        <G_SG25>
            <S_LIN>
                <D_1082>2</D_1082>
                <D_1229/>
                <C_C212>
                    <D_7140>0000000000000</D_7140>
                    <D_7143>EN</D_7143>
                </C_C212>
            </S_LIN>
            <S_PIA>
                <D_4347>1</D_4347>
                <C_C212>
                    <D_7140>12575398</D_7140>
                    <D_7143>SA</D_7143>
                </C_C212>
            </S_PIA>
            <S_IMD>
                <D_7077>F</D_7077>
                <D_7081/>
                <C_C273>
                    <D_7009/>
                    <D_1131/>
                    <D_3055>91</D_3055>
                    <D_7008>TK Meck.Weizenbrot krustenlos 1kg</D_7008>
                </C_C273>
            </S_IMD>
            <S_IMD>
                <D_7077>C</D_7077>
                <D_7081/>
                <C_C273>
                    <D_7009>IN</D_7009>
                </C_C273>
            </S_IMD>
            <S_IMD>
                <D_7077>C</D_7077>
                <D_7081/>
                <C_C273>
                    <D_7009>CU</D_7009>
                </C_C273>
            </S_IMD>
            <S_QTY>
                <C_C186>
                    <D_6063>47</D_6063>
                    <D_6060>1.0000</D_6060>
                    <D_6411>PCE</D_6411>
                </C_C186>
            </S_QTY>
            <G_SG26>
                <S_MOA>
                    <C_C516>
                        <D_5025>203</D_5025>
                        <D_5004>13.9100</D_5004>
                    </C_C516>
                </S_MOA>
            </G_SG26>
            <G_SG28>
                <S_PRI>
                    <C_C509>
                        <D_5125>AAA</D_5125>
                        <D_5118>13.9080</D_5118>
                        <D_5375/>
                        <D_5387/>
                        <D_5284>1</D_5284>
                        <D_6411>PCE</D_6411>
                    </C_C509>
                </S_PRI>
            </G_SG28>
            <G_SG33>
                <S_TAX>
                    <D_5283>7</D_5283>
                    <C_C241>
                        <D_5153>VAT</D_5153>
                    </C_C241>
                    <C_C533/>
                    <D_5286/>
                    <C_C243>
                        <D_5279/>
                        <D_1131/>
                        <D_3055/>
                        <D_5278>7.0</D_5278>
                    </C_C243>
                    <D_5305>S</D_5305>
                </S_TAX>
            </G_SG33>
        </G_SG25>
        <G_SG25>
            <S_LIN>
                <D_1082>3</D_1082>
                <D_1229/>
                <C_C212>
                    <D_7140>4009249002086</D_7140>
                    <D_7143>EN</D_7143>
                </C_C212>
            </S_LIN>
            <S_PIA>
                <D_4347>1</D_4347>
                <C_C212>
                    <D_7140>10133316</D_7140>
                    <D_7143>SA</D_7143>
                </C_C212>
            </S_PIA>
            <S_IMD>
                <D_7077>F</D_7077>
                <D_7081/>
                <C_C273>
                    <D_7009/>
                    <D_1131/>
                    <D_3055>91</D_3055>
                    <D_7008>Kornmark Buttertoast 500g</D_7008>
                </C_C273>
            </S_IMD>
            <S_IMD>
                <D_7077>C</D_7077>
                <D_7081/>
                <C_C273>
                    <D_7009>IN</D_7009>
                </C_C273>
            </S_IMD>
            <S_IMD>
                <D_7077>C</D_7077>
                <D_7081/>
                <C_C273>
                    <D_7009>CU</D_7009>
                </C_C273>
            </S_IMD>
            <S_QTY>
                <C_C186>
                    <D_6063>47</D_6063>
                    <D_6060>12.0000</D_6060>
                    <D_6411>PCE</D_6411>
                </C_C186>
            </S_QTY>
            <G_SG26>
                <S_MOA>
                    <C_C516>
                        <D_5025>203</D_5025>
                        <D_5004>7.8000</D_5004>
                    </C_C516>
                </S_MOA>
            </G_SG26>
            <G_SG28>
                <S_PRI>
                    <C_C509>
                        <D_5125>AAA</D_5125>
                        <D_5118>0.6500</D_5118>
                        <D_5375/>
                        <D_5387/>
                        <D_5284>1</D_5284>
                        <D_6411>PCE</D_6411>
                    </C_C509>
                </S_PRI>
            </G_SG28>
            <G_SG33>
                <S_TAX>
                    <D_5283>7</D_5283>
                    <C_C241>
                        <D_5153>VAT</D_5153>
                    </C_C241>
                    <C_C533/>
                    <D_5286/>
                    <C_C243>
                        <D_5279/>
                        <D_1131/>
                        <D_3055/>
                        <D_5278>7.0</D_5278>
                    </C_C243>
                    <D_5305>S</D_5305>
                </S_TAX>
            </G_SG33>
        </G_SG25>
        <G_SG25>
            <S_LIN>
                <D_1082>4</D_1082>
                <D_1229/>
                <C_C212>
                    <D_7140>4101540710001</D_7140>
                    <D_7143>EN</D_7143>
                </C_C212>
            </S_LIN>
            <S_PIA>
                <D_4347>1</D_4347>
                <C_C212>
                    <D_7140>12131648</D_7140>
                    <D_7143>SA</D_7143>
                </C_C212>
            </S_PIA>
            <S_IMD>
                <D_7077>F</D_7077>
                <D_7081/>
                <C_C273>
                    <D_7009/>
                    <D_1131/>
                    <D_3055>91</D_3055>
                    <D_7008>Kuchm.Milchbroetchen 10St/400g</D_7008>
                </C_C273>
            </S_IMD>
            <S_IMD>
                <D_7077>C</D_7077>
                <D_7081/>
                <C_C273>
                    <D_7009>IN</D_7009>
                </C_C273>
            </S_IMD>
            <S_IMD>
                <D_7077>C</D_7077>
                <D_7081/>
                <C_C273>
                    <D_7009>CU</D_7009>
                </C_C273>
            </S_IMD>
            <S_QTY>
                <C_C186>
                    <D_6063>47</D_6063>
                    <D_6060>4.0000</D_6060>
                    <D_6411>PCE</D_6411>
                </C_C186>
            </S_QTY>
            <G_SG26>
                <S_MOA>
                    <C_C516>
                        <D_5025>203</D_5025>
                        <D_5004>4.0400</D_5004>
                    </C_C516>
                </S_MOA>
            </G_SG26>
            <G_SG28>
                <S_PRI>
                    <C_C509>
                        <D_5125>AAA</D_5125>
                        <D_5118>1.0110</D_5118>
                        <D_5375/>
                        <D_5387/>
                        <D_5284>1</D_5284>
                        <D_6411>PCE</D_6411>
                    </C_C509>
                </S_PRI>
            </G_SG28>
            <G_SG33>
                <S_TAX>
                    <D_5283>7</D_5283>
                    <C_C241>
                        <D_5153>VAT</D_5153>
                    </C_C241>
                    <C_C533/>
                    <D_5286/>
                    <C_C243>
                        <D_5279/>
                        <D_1131/>
                        <D_3055/>
                        <D_5278>7.0</D_5278>
                    </C_C243>
                    <D_5305>S</D_5305>
                </S_TAX>
            </G_SG33>
        </G_SG25>
        <G_SG25>
            <S_LIN>
                <D_1082>5</D_1082>
                <D_1229/>
                <C_C212>
                    <D_7140>4000492012464</D_7140>
                    <D_7143>EN</D_7143>
                </C_C212>
            </S_LIN>
            <S_PIA>
                <D_4347>1</D_4347>
                <C_C212>
                    <D_7140>11006008</D_7140>
                    <D_7143>SA</D_7143>
                </C_C212>
            </S_PIA>
            <S_IMD>
                <D_7077>F</D_7077>
                <D_7081/>
                <C_C273>
                    <D_7009/>
                    <D_1131/>
                    <D_3055>91</D_3055>
                    <D_7008>Combi Phase 3,7l</D_7008>
                </C_C273>
            </S_IMD>
            <S_IMD>
                <D_7077>C</D_7077>
                <D_7081/>
                <C_C273>
                    <D_7009>IN</D_7009>
                </C_C273>
            </S_IMD>
            <S_IMD>
                <D_7077>C</D_7077>
                <D_7081/>
                <C_C273>
                    <D_7009>CU</D_7009>
                </C_C273>
            </S_IMD>
            <S_QTY>
                <C_C186>
                    <D_6063>47</D_6063>
                    <D_6060>1.0000</D_6060>
                    <D_6411>PCE</D_6411>
                </C_C186>
            </S_QTY>
            <G_SG26>
                <S_MOA>
                    <C_C516>
                        <D_5025>203</D_5025>
                        <D_5004>18.2400</D_5004>
                    </C_C516>
                </S_MOA>
            </G_SG26>
            <G_SG28>
                <S_PRI>
                    <C_C509>
                        <D_5125>AAA</D_5125>
                        <D_5118>18.2410</D_5118>
                        <D_5375/>
                        <D_5387/>
                        <D_5284>1</D_5284>
                        <D_6411>PCE</D_6411>
                    </C_C509>
                </S_PRI>
            </G_SG28>
            <G_SG33>
                <S_TAX>
                    <D_5283>7</D_5283>
                    <C_C241>
                        <D_5153>VAT</D_5153>
                    </C_C241>
                    <C_C533/>
                    <D_5286/>
                    <C_C243>
                        <D_5279/>
                        <D_1131/>
                        <D_3055/>
                        <D_5278>7.0</D_5278>
                    </C_C243>
                    <D_5305>S</D_5305>
                </S_TAX>
            </G_SG33>
        </G_SG25>
        <G_SG25>
            <S_LIN>
                <D_1082>6</D_1082>
                <D_1229/>
                <C_C212>
                    <D_7140>4026400661005</D_7140>
                    <D_7143>EN</D_7143>
                </C_C212>
            </S_LIN>
            <S_PIA>
                <D_4347>1</D_4347>
                <C_C212>
                    <D_7140>20104313</D_7140>
                    <D_7143>SA</D_7143>
                </C_C212>
            </S_PIA>
            <S_IMD>
                <D_7077>F</D_7077>
                <D_7081/>
                <C_C273>
                    <D_7009/>
                    <D_1131/>
                    <D_3055>91</D_3055>
                    <D_7008>Optima mit Butteraroma BIB 10l</D_7008>
                </C_C273>
            </S_IMD>
            <S_IMD>
                <D_7077>C</D_7077>
                <D_7081/>
                <C_C273>
                    <D_7009>IN</D_7009>
                </C_C273>
            </S_IMD>
            <S_IMD>
                <D_7077>C</D_7077>
                <D_7081/>
                <C_C273>
                    <D_7009>CU</D_7009>
                </C_C273>
            </S_IMD>
            <S_QTY>
                <C_C186>
                    <D_6063>47</D_6063>
                    <D_6060>1.0000</D_6060>
                    <D_6411>PCE</D_6411>
                </C_C186>
            </S_QTY>
            <G_SG26>
                <S_MOA>
                    <C_C516>
                        <D_5025>203</D_5025>
                        <D_5004>21.7000</D_5004>
                    </C_C516>
                </S_MOA>
            </G_SG26>
            <G_SG28>
                <S_PRI>
                    <C_C509>
                        <D_5125>AAA</D_5125>
                        <D_5118>21.7000</D_5118>
                        <D_5375/>
                        <D_5387/>
                        <D_5284>1</D_5284>
                        <D_6411>PCE</D_6411>
                    </C_C509>
                </S_PRI>
            </G_SG28>
            <G_SG33>
                <S_TAX>
                    <D_5283>7</D_5283>
                    <C_C241>
                        <D_5153>VAT</D_5153>
                    </C_C241>
                    <C_C533/>
                    <D_5286/>
                    <C_C243>
                        <D_5279/>
                        <D_1131/>
                        <D_3055/>
                        <D_5278>7.0</D_5278>
                    </C_C243>
                    <D_5305>S</D_5305>
                </S_TAX>
            </G_SG33>
        </G_SG25>
        <G_SG25>
            <S_LIN>
                <D_1082>7</D_1082>
                <D_1229/>
                <C_C212>
                    <D_7140>4065400000896</D_7140>
                    <D_7143>EN</D_7143>
                </C_C212>
            </S_LIN>
            <S_PIA>
                <D_4347>1</D_4347>
                <C_C212>
                    <D_7140>20076276</D_7140>
                    <D_7143>SA</D_7143>
                </C_C212>
            </S_PIA>
            <S_IMD>
                <D_7077>F</D_7077>
                <D_7081/>
                <C_C273>
                    <D_7009/>
                    <D_1131/>
                    <D_3055>91</D_3055>
                    <D_7008>H-Milch 1,5% BiB 10l</D_7008>
                </C_C273>
            </S_IMD>
            <S_IMD>
                <D_7077>C</D_7077>
                <D_7081/>
                <C_C273>
                    <D_7009>IN</D_7009>
                </C_C273>
            </S_IMD>
            <S_IMD>
                <D_7077>C</D_7077>
                <D_7081/>
                <C_C273>
                    <D_7009>CU</D_7009>
                </C_C273>
            </S_IMD>
            <S_QTY>
                <C_C186>
                    <D_6063>47</D_6063>
                    <D_6060>18.0000</D_6060>
                    <D_6411>PCE</D_6411>
                </C_C186>
            </S_QTY>
            <G_SG26>
                <S_MOA>
                    <C_C516>
                        <D_5025>203</D_5025>
                        <D_5004>104.4000</D_5004>
                    </C_C516>
                </S_MOA>
            </G_SG26>
            <G_SG28>
                <S_PRI>
                    <C_C509>
                        <D_5125>AAA</D_5125>
                        <D_5118>5.8000</D_5118>
                        <D_5375/>
                        <D_5387/>
                        <D_5284>1</D_5284>
                        <D_6411>PCE</D_6411>
                    </C_C509>
                </S_PRI>
            </G_SG28>
            <G_SG33>
                <S_TAX>
                    <D_5283>7</D_5283>
                    <C_C241>
                        <D_5153>VAT</D_5153>
                    </C_C241>
                    <C_C533/>
                    <D_5286/>
                    <C_C243>
                        <D_5279/>
                        <D_1131/>
                        <D_3055/>
                        <D_5278>7.0</D_5278>
                    </C_C243>
                    <D_5305>S</D_5305>
                </S_TAX>
            </G_SG33>
        </G_SG25>
        <G_SG25>
            <S_LIN>
                <D_1082>8</D_1082>
                <D_1229/>
                <C_C212>
                    <D_7140>4045500511157</D_7140>
                    <D_7143>EN</D_7143>
                </C_C212>
            </S_LIN>
            <S_PIA>
                <D_4347>1</D_4347>
                <C_C212>
                    <D_7140>10275382</D_7140>
                    <D_7143>SA</D_7143>
                </C_C212>
            </S_PIA>
            <S_IMD>
                <D_7077>F</D_7077>
                <D_7081/>
                <C_C273>
                    <D_7009/>
                    <D_1131/>
                    <D_3055>91</D_3055>
                    <D_7008>H-Milch 1,5% 1l</D_7008>
                </C_C273>
            </S_IMD>
            <S_IMD>
                <D_7077>C</D_7077>
                <D_7081/>
                <C_C273>
                    <D_7009>IN</D_7009>
                </C_C273>
            </S_IMD>
            <S_IMD>
                <D_7077>C</D_7077>
                <D_7081/>
                <C_C273>
                    <D_7009>CU</D_7009>
                </C_C273>
            </S_IMD>
            <S_QTY>
                <C_C186>
                    <D_6063>47</D_6063>
                    <D_6060>24.0000</D_6060>
                    <D_6411>PCE</D_6411>
                </C_C186>
            </S_QTY>
            <G_SG26>
                <S_MOA>
                    <C_C516>
                        <D_5025>203</D_5025>
                        <D_5004>12.7200</D_5004>
                    </C_C516>
                </S_MOA>
            </G_SG26>
            <G_SG28>
                <S_PRI>
                    <C_C509>
                        <D_5125>AAA</D_5125>
                        <D_5118>0.5300</D_5118>
                        <D_5375/>
                        <D_5387/>
                        <D_5284>1</D_5284>
                        <D_6411>PCE</D_6411>
                    </C_C509>
                </S_PRI>
            </G_SG28>
            <G_SG33>
                <S_TAX>
                    <D_5283>7</D_5283>
                    <C_C241>
                        <D_5153>VAT</D_5153>
                    </C_C241>
                    <C_C533/>
                    <D_5286/>
                    <C_C243>
                        <D_5279/>
                        <D_1131/>
                        <D_3055/>
                        <D_5278>7.0</D_5278>
                    </C_C243>
                    <D_5305>S</D_5305>
                </S_TAX>
            </G_SG33>
        </G_SG25>
        <G_SG25>
            <S_LIN>
                <D_1082>9</D_1082>
                <D_1229/>
                <C_C212>
                    <D_7140>4036303205886</D_7140>
                    <D_7143>EN</D_7143>
                </C_C212>
            </S_LIN>
            <S_PIA>
                <D_4347>1</D_4347>
                <C_C212>
                    <D_7140>14041341</D_7140>
                    <D_7143>SA</D_7143>
                </C_C212>
            </S_PIA>
            <S_IMD>
                <D_7077>F</D_7077>
                <D_7081/>
                <C_C273>
                    <D_7009/>
                    <D_1131/>
                    <D_3055>91</D_3055>
                    <D_7008>Schmand 24% 5kg &</D_7008>
                </C_C273>
            </S_IMD>
            <S_IMD>
                <D_7077>C</D_7077>
                <D_7081/>
                <C_C273>
                    <D_7009>IN</D_7009>
                </C_C273>
            </S_IMD>
            <S_IMD>
                <D_7077>C</D_7077>
                <D_7081/>
                <C_C273>
                    <D_7009>CU</D_7009>
                </C_C273>
            </S_IMD>
            <S_QTY>
                <C_C186>
                    <D_6063>47</D_6063>
                    <D_6060>2.0000</D_6060>
                    <D_6411>PCE</D_6411>
                </C_C186>
            </S_QTY>
            <G_SG26>
                <S_MOA>
                    <C_C516>
                        <D_5025>203</D_5025>
                        <D_5004>28.3000</D_5004>
                    </C_C516>
                </S_MOA>
            </G_SG26>
            <G_SG28>
                <S_PRI>
                    <C_C509>
                        <D_5125>AAA</D_5125>
                        <D_5118>14.1500</D_5118>
                        <D_5375/>
                        <D_5387/>
                        <D_5284>1</D_5284>
                        <D_6411>PCE</D_6411>
                    </C_C509>
                </S_PRI>
            </G_SG28>
            <G_SG33>
                <S_TAX>
                    <D_5283>7</D_5283>
                    <C_C241>
                        <D_5153>VAT</D_5153>
                    </C_C241>
                    <C_C533/>
                    <D_5286/>
                    <C_C243>
                        <D_5279/>
                        <D_1131/>
                        <D_3055/>
                        <D_5278>7.0</D_5278>
                    </C_C243>
                    <D_5305>S</D_5305>
                </S_TAX>
            </G_SG33>
        </G_SG25>
        <G_SG25>
            <S_LIN>
                <D_1082>10</D_1082>
                <D_1229/>
                <C_C212>
                    <D_7140>4036303205886</D_7140>
                    <D_7143>EN</D_7143>
                </C_C212>
            </S_LIN>
            <S_PIA>
                <D_4347>1</D_4347>
                <C_C212>
                    <D_7140>14041341</D_7140>
                    <D_7143>SA</D_7143>
                </C_C212>
            </S_PIA>
            <S_IMD>
                <D_7077>F</D_7077>
                <D_7081/>
                <C_C273>
                    <D_7009/>
                    <D_1131/>
                    <D_3055>91</D_3055>
                    <D_7008>Schmand 24% 5kg</D_7008>
                </C_C273>
            </S_IMD>
            <S_IMD>
                <D_7077>C</D_7077>
                <D_7081/>
                <C_C273>
                    <D_7009>IN</D_7009>
                </C_C273>
            </S_IMD>
            <S_IMD>
                <D_7077>C</D_7077>
                <D_7081/>
                <C_C273>
                    <D_7009>CU</D_7009>
                </C_C273>
            </S_IMD>
            <S_QTY>
                <C_C186>
                    <D_6063>47</D_6063>
                    <D_6060>3.0000</D_6060>
                    <D_6411>PCE</D_6411>
                </C_C186>
            </S_QTY>
            <G_SG26>
                <S_MOA>
                    <C_C516>
                        <D_5025>203</D_5025>
                        <D_5004>42.4500</D_5004>
                    </C_C516>
                </S_MOA>
            </G_SG26>
            <G_SG28>
                <S_PRI>
                    <C_C509>
                        <D_5125>AAA</D_5125>
                        <D_5118>14.1500</D_5118>
                        <D_5375/>
                        <D_5387/>
                        <D_5284>1</D_5284>
                        <D_6411>PCE</D_6411>
                    </C_C509>
                </S_PRI>
            </G_SG28>
            <G_SG33>
                <S_TAX>
                    <D_5283>7</D_5283>
                    <C_C241>
                        <D_5153>VAT</D_5153>
                    </C_C241>
                    <C_C533/>
                    <D_5286/>
                    <C_C243>
                        <D_5279/>
                        <D_1131/>
                        <D_3055/>
                        <D_5278>7.0</D_5278>
                    </C_C243>
                    <D_5305>S</D_5305>
                </S_TAX>
            </G_SG33>
        </G_SG25>
        <G_SG25>
            <S_LIN>
                <D_1082>11</D_1082>
                <D_1229/>
                <C_C212>
                    <D_7140>4036303562897</D_7140>
                    <D_7143>EN</D_7143>
                </C_C212>
            </S_LIN>
            <S_PIA>
                <D_4347>1</D_4347>
                <C_C212>
                    <D_7140>14275920</D_7140>
                    <D_7143>SA</D_7143>
                </C_C212>
            </S_PIA>
        </G_SG25>
        <S_UNT>
            <D_0074>590</D_0074>
            <D_0062>0000256323</D_0062>
        </S_UNT>
    </S_UNB>
</INTERCHANGE>
